// Jest Snapshot v1, https://goo.gl/fbAQLP

exports[` 1`] = `
<Fragment>
  <styled.h1>
    <styled.header>
      <styled.h1>
        Courses
      </styled.h1>
    </styled.header>
    <MenuBar
      options={
        Array [
          Object {
            "data": "Front-End",
            "key": 1,
          },
        ]
      }
    />
    <styled.div
      theme={
        Object {
          "colors": Object {
            "lightgrey": "#f3f3f4",
          },
        }
      }
    />
  </styled.h1>
  <styled.div
    theme={
      Object {
        "colors": Object {
          "lightgrey": "#FAFAFB",
        },
      }
    }
  >
    <styled.div>
      <styled.div
        theme={
          Object {
            "colors": Object {
              "lightgrey": "#f3f3f4",
            },
          }
        }
      >
        <styled.div
          alt="sunt"
          img={1}
        />
        <styled.div>
          <styled.div
            className="test"
          >
            sunt
          </styled.div>
          <Styled(styled.div)>
            quia et suscipit
suscipit recusandae consequuntur
            â€¦
          </Styled(styled.div)>
          <styled.div>
            <Styled(RiStackLine) />
            <Styled(RiTimerLine) />
            1
             
            30
          </styled.div>
        </styled.div>
      </styled.div>
    </styled.div>
  </styled.div>
</Fragment>
`;
